
> pccp-frontend@1.0.0 dev
> vite --host 0.0.0.0

Re-optimizing dependencies because lockfile has changed

  [32m[1mVITE[22m v5.4.21[39m  [2mready in [0m[1m1208[22m[2m[0m ms[22m

  [32m➜[39m  [1mLocal[22m:   [36mhttp://localhost:[1m4173[22m/[39m
  [32m➜[39m  [1mNetwork[22m: [36mhttp://192.168.40.89:[1m4173[22m/[39m
  [32m➜[39m  [1mNetwork[22m: [36mhttp://172.18.16.1:[1m4173[22m/[39m
[2m[32m  ➜[39m[22m[2m  press [22m[1mh + enter[22m[2m to show help[22m
[2m3:41:11 PM[22m [36m[1m[vite][22m[39m [32mhmr update [39m[2m/src/pages/LoginPage.tsx, /src/index.css[22m
[2m3:41:11 PM[22m [36m[1m[vite][22m[39m [32mhmr update [39m[2m/src/pages/LoginPage.tsx, /src/index.css[22m
[2m3:41:37 PM[22m [36m[1m[vite][22m[39m [32mhmr update [39m[2m/src/pages/LoginPage.tsx, /src/index.css[22m
[2m4:35:58 PM[22m [36m[1m[vite][22m[39m [32mhmr update [39m[2m/src/pages/LoginPage.tsx, /src/index.css[22m
[2m4:54:51 PM[22m [36m[1m[vite][22m[39m [32mpage reload [39m[2mindex.html[22m
[2m4:55:11 PM[22m [36m[1m[vite][22m[39m [32mpage reload [39m[2mtailwind.config.js[22m
[2m4:55:33 PM[22m [36m[1m[vite][22m[39m [32mhmr update [39m[2m/src/components/ui/index.tsx, /src/index.css[22m
[2m4:57:15 PM[22m [36m[1m[vite][22m[39m [32mhmr update [39m[2m/src/pages/DriverPage.tsx, /src/index.css[22m
[2m4:57:47 PM[22m [36m[1m[vite][22m[39m [32mhmr update [39m[2m/src/components/driver/DriverHome.tsx, /src/index.css[22m
[2m4:58:20 PM[22m [36m[1m[vite][22m[39m [32mhmr update [39m[2m/src/components/driver/TripsList.tsx, /src/index.css[22m
[2m4:58:50 PM[22m [36m[1m[vite][22m[39m [32mhmr update [39m[2m/src/components/driver/TripDetail.tsx, /src/index.css[22m
[2m4:59:54 PM[22m [36m[1m[vite][22m[39m [32mhmr update [39m[2m/src/components/driver/DriverProfile.tsx, /src/index.css[22m
[2m5:00:27 PM[22m [36m[1m[vite][22m[39m [32mhmr update [39m[2m/src/components/driver/DriverNotifications.tsx, /src/index.css[22m
[2m5:00:46 PM[22m [36m[1m[vite][22m[39m [32mhmr update [39m[2m/src/components/driver/PassportCard.tsx, /src/index.css[22m
[2m5:01:23 PM[22m [36m[1m[vite][22m[39m [32mhmr update [39m[2m/src/components/driver/QRScan.tsx, /src/index.css[22m
[2m5:01:39 PM[22m [36m[1m[vite][22m[39m [32mhmr update [39m[2m/src/components/driver/TripCalendar.tsx, /src/index.css[22m
[2m5:02:14 PM[22m [36m[1m[vite][22m[39m [32mpage reload [39m[2mindex.html[22m
